// Jest Snapshot v1, https://goo.gl/fbAQLP

exports[`IconAdd snapshot should match 1`] = `
.c0 {
  display: -webkit-box;
  display: -webkit-flex;
  display: -ms-flexbox;
  display: flex;
  -webkit-align-items: center;
  -webkit-box-align: center;
  -ms-flex-align: center;
  align-items: center;
  -webkit-box-pack: center;
  -webkit-justify-content: center;
  -ms-flex-pack: center;
  justify-content: center;
  width: 32px;
  height: 32px;
  line-height: 32px;
  background-color: #484848;
  border: none;
  border-radius: 50%;
  cursor: pointer;
}

.c0:hover {
  box-shadow: 0px 4px 4px rgba(0,0,0,0.25);
}

<button
  className="c0"
  onClick={[MockFunction]}
>
  <svg
    fill="#fff"
    height="24"
    viewBox="0 0 24 24"
    width="24"
    xmlns="http://www.w3.org/2000/svg"
  >
    <title>
      Add
    </title>
    <path
      d="M19 13h-6v6h-2v-6H5v-2h6V5h2v6h6v2z"
    />
    <path
      d="M0 0h24v24H0z"
      fill="none"
    />
  </svg>
</button>
`;
